INFO:AUTOSTART_MANAGER:AUTOSTART: Linux .desktop entry created.
INFO:MANAGER_AGENT:AGENT_REGISTERED: TradingSwarm
INFO:MANAGER_AGENT:AGENT_REGISTERED: GmailArchitect
INFO:MANAGER_AGENT:AGENT_REGISTERED: SystemOverlord
INFO:MANAGER_AGENT:AGENT_REGISTERED: NeuralOracle
INFO:MANAGER_AGENT:AGENT_REGISTERED: NeuralGod
INFO:MANAGER_AGENT:AGENT_REGISTERED: NexusCore
INFO:MANAGER_AGENT:AGENT_REGISTERED: MetaEngine
INFO:MANAGER_AGENT:AGENT_REGISTERED: KineticVision
INFO:MANAGER_AGENT:AGENT_REGISTERED: OSOverlord
INFO:MANAGER_AGENT:AGENT_REGISTERED: MobileShadow
INFO:MANAGER_AGENT:AGENT_REGISTERED: AutonomousDev
INFO:MANAGER_AGENT:AGENT_REGISTERED: QuantumLiquidity
INFO:MANAGER_AGENT:AGENT_REGISTERED: BioSense
INFO:MANAGER_AGENT:AGENT_REGISTERED: PassiveIncomeSwarm
INFO:MANAGER_AGENT:AGENT_REGISTERED: OSFusion
INFO:MANAGER_AGENT:AGENT_REGISTERED: AetherProtocol
/app/jarvis/backend/main.py:100: DeprecationWarning:
        on_event is deprecated, use lifespan event handlers instead.

        Read more about it in the
        [FastAPI docs for Lifespan Events](https://fastapi.tiangolo.com/advanced/events/).

  @app.on_event("startup")
INFO:     Started server process [861808]
INFO:     Waiting for application startup.
INFO:JARVIS_V5000_AETHER:J.A.R.V.I.S. V9000: Evolution and Aether Background Loops Initiated.
INFO:AETHER_CORE:AETHER_SYNTHESIS: Deploying new capability: Cap_1778843501
INFO:     Application startup complete.
INFO:     Uvicorn running on http://0.0.0.0:8000 (Press CTRL+C to quit)
INFO:JARVIS_V5000_AETHER:MISSION_PATH: / - LATENCY: 0.0024s
INFO:     127.0.0.1:52484 - "GET / HTTP/1.1" 200 OK
INFO:     Shutting down
INFO:     Waiting for application shutdown.
INFO:     Application shutdown complete.
INFO:     Finished server process [861808]
